// Jest Snapshot v1, https://goo.gl/fbAQLP

exports[`NavBar tests should match the snapshot 1`] = `ReactWrapper {}`;
