// Jest Snapshot v1, https://goo.gl/fbAQLP

exports[`NavLink tests should match the snapshot 1`] = `ShallowWrapper {}`;
